a
b
-1
-14
0
F...............
YYBB
RBLL
RRYL
BLLU
RRYL
byrul
lbYru
ulByr
rulby
yrulb
byrul
lbyru
ulbyr
rulby
yrulb
.
..
...
....
.....
.
..
...
....
YYY..
       
       

RRYBYRRLLBUURLYRBRUBLLBBBRRRBRUBRRUBBYLBLBLYULBYYRLUBYYURLUYULUY
23