a
b
0
0
0
FBBBUUYBYYRRYBLL
....
....
....
....
....
byrul
lbyru
ulbyr
rulby
yrulb
byrul
lbyru
ulbyr
rulby
yrulb
R
U.
Y..
....
.....
R
U.
...
....
.....
       
       

RUBBBRLBBRYYLBLBYRYUULYRUYYRUULLLLYBUBURBLRBRRUYURLLYURYUBLULRYBUULYYRRYULBBRLLL
14