a
b
3
0
0
F...............
LUUU
YBBU
RBLL
RRYL
BLLU
byrul
lbYru
ulByr
rulby
yrUlb
byrUl
Lbyru
ulbyr
rulby
yrulb
.
..
...
....
.....
.
..
...
YY..
YYY..
       
       

RRYBYRRLLBUURLYRBRUBLLBBBRRRBRUBRRUBBYLBLBLYULBYYRLUBYYURLUYULUYLYRR
23